============================================================
TEST DE CONFIGURACIËN - Claude API
============================================================

[1] Verificando archivo .env...
Traceback (most recent call last):
  File "C:\Proyectos\Proveedores\test_claude_api.py", line 90, in <module>
    success = test_api_configuration()
              ^^^^^^^^^^^^^^^^^^^^^^^^
  File "C:\Proyectos\Proveedores\test_claude_api.py", line 18, in test_api_configuration
    print("    \u2705 Archivo .env encontrado")
  File "c:\listados\python\Lib\encodings\cp1252.py", line 19, in encode
    return codecs.charmap_encode(input,self.errors,encoding_table)[0]
           ^^^^^^^^^^^^^^^^^^^^^^^^^^^^^^^^^^^^^^^^^^^^^^^^^^^^^^^
UnicodeEncodeError: 'charmap' codec can't encode character '\u2705' in position 4: character maps to <undefined>
